// Jest Snapshot v1, https://goo.gl/fbAQLP

exports[`test background color of active state 1`] = `"black"`;
