// Jest Snapshot v1, https://goo.gl/fbAQLP

exports[`renders correctly 1`] = `
<div
  className="sc-bdVaJa jzSUFq"
>
  <div
    onClick={[Function]}
  >
    -
  </div>
  <span />
  <div
    onClick={[Function]}
  >
     + 
  </div>
</div>
`;
