// Jest Snapshot v1, https://goo.gl/fbAQLP

exports[`renders correctly when breadcrumb component is called 1`] = `
<div
  className="sc-bdVaJa hzXykS"
/>
`;
